I'm sorry, but errors were detected in your script. Please correct the
errors listed below, and try again.


File "game/narrative/minigames/minigame_corki.rpy", line 151: unterminated string literal
    scene bg corki's autoshop

File "game/narrative/minigames/minigame_rumble.rpy", line 151: unterminated string literal
    scene bg rumble's roboshop

Ren'Py Version: Ren'Py 8.4.1.25072401
Thu Apr 23 11:52:37 2026
